// Jest Snapshot v1, https://goo.gl/fbAQLP

exports[`Label should have render with props 1`] = `ShallowWrapper {}`;
